---
http_interactions:
- request:
    method: post
    uri: https://api.echo.nasa.gov/echo-rest/orders.json
    body:
      encoding: UTF-8
      string: '{"order":{},"digest":"423b4dff4b2b723a62f52dc2bb113bc802c0c22b"}'
    headers:
      User-Agent:
      - Faraday v0.8.8
      Content-Type:
      - application/json
      Client-Id:
      - eed-edsc-dev
      Echo-ClientId:
      - eed-edsc-dev
      Echo-Token:
      - edsc
  recorded_at: Thu, 19 May 2016 18:58:56 GMT
  digest: e753ec6897956e7482fa31e4880002db8fef76fd
- request:
    method: post
    uri: https://api.echo.nasa.gov/echo-rest/orders.json
    body:
      encoding: UTF-8
      string: '{"order":{},"digest":"967c0aec2ee58b6e4bce3c492f165e4dac64952f"}'
    headers:
      User-Agent:
      - Faraday v0.8.8
      Content-Type:
      - application/json
      Client-Id:
      - eed-edsc-dev
      Echo-ClientId:
      - eed-edsc-dev
      Echo-Token:
      - edsc
  recorded_at: Thu, 19 May 2016 18:27:33 GMT
  digest: 11d02f2c98b62031098f610a34ae894c2a51240f
- request:
    method: post
    uri: https://api.echo.nasa.gov/echo-rest/orders.json
    body:
      encoding: UTF-8
      string: '{"order":{},"digest":"b50362f6c0461f983b34b86a58e185819bdd881b"}'
    headers:
      User-Agent:
      - Faraday v0.8.8
      Content-Type:
      - application/json
      Client-Id:
      - eed-edsc-dev
      Echo-ClientId:
      - eed-edsc-dev
      Echo-Token:
      - edsc
  recorded_at: Thu, 19 May 2016 18:48:31 GMT
  digest: 027afdee2287e641cd1e9e2fe5ff123d144a1f7b
- request:
    method: post
    uri: https://api.echo.nasa.gov/echo-rest/orders.json
    body:
      encoding: UTF-8
      string: '{"order":{},"digest":"b5595ef5ca58b96999b7c3c21cf3515b2b809bb7"}'
    headers:
      User-Agent:
      - Faraday v0.8.8
      Content-Type:
      - application/json
      Client-Id:
      - eed-edsc-dev
      Echo-ClientId:
      - eed-edsc-dev
      Echo-Token:
      - edsc
  recorded_at: Thu, 19 May 2016 18:39:33 GMT
  digest: 5f019c91ef0076864e509ccda143823a7a48821a
- request:
    method: post
    uri: https://api.echo.nasa.gov/echo-rest/orders.json
    body:
      encoding: UTF-8
      string: '{"order":{},"digest":"efb7407738433fb5d6ae4a0674b7361269a3c259"}'
    headers:
      User-Agent:
      - Faraday v0.8.8
      Content-Type:
      - application/json
      Client-Id:
      - eed-edsc-dev
      Echo-ClientId:
      - eed-edsc-dev
      Echo-Token:
      - edsc
  recorded_at: Thu, 19 May 2016 18:40:49 GMT
  digest: a5704e237da6199aeb490ae6ef79ac4ad96294b3
- request:
    method: post
    uri: https://api.echo.nasa.gov/echo-rest/orders.json
    body:
      encoding: UTF-8
      string: '{"order":{},"digest":"f18ed7815d8e85c7ba459f29e854653a8cd67be6"}'
    headers:
      User-Agent:
      - Faraday v0.8.8
      Content-Type:
      - application/json
      Client-Id:
      - eed-edsc-dev
      Echo-ClientId:
      - eed-edsc-dev
      Echo-Token:
      - edsc
  recorded_at: Thu, 19 May 2016 18:27:38 GMT
  digest: 128e145e8449f051833baa4ce81e090e480f922e
- request:
    method: post
    uri: https://api.echo.nasa.gov/echo-rest/orders.json
    body:
      encoding: UTF-8
      string: '{"order":{},"digest":"f63b4748c5b96b87fbe48ad9511f9ccdb24997a4"}'
    headers:
      User-Agent:
      - Faraday v0.8.8
      Content-Type:
      - application/json
      Client-Id:
      - eed-edsc-dev
      Echo-ClientId:
      - eed-edsc-dev
      Echo-Token:
      - edsc
  recorded_at: Thu, 19 May 2016 18:33:38 GMT
  digest: 02aa4db9fe733c6984dbc4373072433b4d9059cb
- request:
    method: get
    uri: https://api.echo.nasa.gov/echo-rest/orders.json?id%5B%5D=232D1B49-2BFB-4263-ED9C-6D496BAF89EA
    body:
      encoding: US-ASCII
      string: ''
    headers:
      User-Agent:
      - Faraday v0.8.8
      Client-Id:
      - eed-edsc-dev
      Echo-ClientId:
      - eed-edsc-dev
      Echo-Token:
      - edsc
  recorded_at: Thu, 19 May 2016 18:48:35 GMT
  digest: 127265a871057eda8dd4755fc0796378c10b6c7f
- request:
    method: get
    uri: https://api.echo.nasa.gov/echo-rest/orders.json?id%5B%5D=75287FBC-3A46-1EB7-B146-FD4B55E2F7B4
    body:
      encoding: US-ASCII
      string: ''
    headers:
      User-Agent:
      - Faraday v0.8.8
      Client-Id:
      - eed-edsc-dev
      Echo-ClientId:
      - eed-edsc-dev
      Echo-Token:
      - edsc
  recorded_at: Thu, 19 May 2016 18:33:42 GMT
  digest: 20df9983c1981342337838d8ade303afe5d1e2d4
- request:
    method: get
    uri: https://api.echo.nasa.gov/echo-rest/orders.json?id%5B%5D=83010677-B2CE-BA63-C747-00DD17F53450
    body:
      encoding: US-ASCII
      string: ''
    headers:
      User-Agent:
      - Faraday v0.8.8
      Client-Id:
      - eed-edsc-dev
      Echo-ClientId:
      - eed-edsc-dev
      Echo-Token:
      - edsc
  recorded_at: Thu, 19 May 2016 18:59:02 GMT
  digest: cb10b25838af630d0fca4625ed935aada50a7c99
- request:
    method: get
    uri: https://api.echo.nasa.gov/echo-rest/orders.json?id%5B%5D=8419A64C-02F3-BBE8-A104-A9BB6B3F9F63
    body:
      encoding: US-ASCII
      string: ''
    headers:
      User-Agent:
      - Faraday v0.8.8
      Client-Id:
      - eed-edsc-dev
      Echo-ClientId:
      - eed-edsc-dev
      Echo-Token:
      - edsc
  recorded_at: Thu, 19 May 2016 18:27:41 GMT
  digest: 47d2968dca0af024639dd3bc1110e8f14da17b37
- request:
    method: get
    uri: https://api.echo.nasa.gov/echo-rest/orders.json?id%5B%5D=8AA6A9ED-7868-357D-02B1-B960CE3E8B31
    body:
      encoding: US-ASCII
      string: ''
    headers:
      User-Agent:
      - Faraday v0.8.8
      Client-Id:
      - eed-edsc-dev
      Echo-ClientId:
      - eed-edsc-dev
      Echo-Token:
      - edsc
  recorded_at: Thu, 19 May 2016 18:39:37 GMT
  digest: 17173371edb21da948d071eb11a92c3bba8c5470
- request:
    method: get
    uri: https://api.echo.nasa.gov/echo-rest/orders.json?id%5B%5D=AB49080C-89E6-D804-6139-B76873316327
    body:
      encoding: US-ASCII
      string: ''
    headers:
      User-Agent:
      - Faraday v0.8.8
      Client-Id:
      - eed-edsc-dev
      Echo-ClientId:
      - eed-edsc-dev
      Echo-Token:
      - edsc
  recorded_at: Thu, 19 May 2016 18:27:37 GMT
  digest: 03589132cf35dee86deab9193c664677f2dc3216
- request:
    method: get
    uri: https://api.echo.nasa.gov/echo-rest/orders.json?id%5B%5D=EB125611-B645-DD75-79EE-160AC3FBDE70
    body:
      encoding: US-ASCII
      string: ''
    headers:
      User-Agent:
      - Faraday v0.8.8
      Client-Id:
      - eed-edsc-dev
      Echo-ClientId:
      - eed-edsc-dev
      Echo-Token:
      - edsc
  recorded_at: Thu, 19 May 2016 18:40:52 GMT
  digest: ec9d9d87189a7204af95e88738ec9cbfb0fede4b
- request:
    method: post
    uri: https://api.echo.nasa.gov/echo-rest/orders/232D1B49-2BFB-4263-ED9C-6D496BAF89EA/order_items/bulk_action
    body:
      encoding: UTF-8
      string: '[{"order_item":{"catalog_item_id":"G1046013597-LPDAAC_ECS","quantity":1,"option_selection":{"id":"BA87A7EE-0FE6-03EB-C5F3-3B494726055B","option_definition_name":"AST_07XT","content":"\u003cecs:options
        xmlns:ecs=\"http://ecs.nasa.gov/options\" xmlns:lpdaac=\"http://lpdaac.usgs.gov/orderoptions.v1\"
        xmlns:lpdaacSchemaLocation=\"/v1/AST_09.xsd\"\u003e\u003c!--Default distribution
        method is FTP Pull --\u003e\u003cecs:distribution\u003e\u003cecs:mediatype\u003e\u003cecs:value\u003eFtpPull\u003c/ecs:value\u003e\u003c/ecs:mediatype\u003e\u003cecs:mediaformat\u003e\u003cecs:ftppull-format\u003e\u003cecs:value\u003eFILEFORMAT\u003c/ecs:value\u003e\u003c/ecs:ftppull-format\u003e\u003c/ecs:mediaformat\u003e\u003c/ecs:distribution\u003e\u003cecs:processing\u003e\u003cecs:endpoint\u003ehttp://elpdx159.cr.usgs.gov:8180/tcoc/PXG_v1/ProcessingXMLGateway\u003c/ecs:endpoint\u003e\u003cecs:consider-processing-options-in-request-bundling\u003efalse\u003c/ecs:consider-processing-options-in-request-bundling\u003e\u003cecs:max-order-item-size\u003e100\u003c/ecs:max-order-item-size\u003e\u003c/ecs:processing\u003e\u003clpdaac:subsetSpecification\u003e\u003clpdaac:productName
        criteriaName=\"Product Name\" criteriaType=\"FIXED\"\u003eAST_07XT\u003c/lpdaac:productName\u003e\u003clpdaac:longName
        criteriaName=\"Long Name\" criteriaType=\"FIXED\"\u003eASTER On-Demand L2
        Surface Reflectance VNIR and SWIR Crosstalk-Corrected\u003c/lpdaac:longName\u003e\u003clpdaac:granuleSize
        criteriaName=\"Granule_size\" criteriaType=\"FIXED\"\u003e0\u003c/lpdaac:granuleSize\u003e\u003clpdaac:fileFormat
        criteriaName=\"File Format\" criteriaType=\"FIXED\"\u003e\u003clpdaac:fileFormatValue\u003eHDF\u003c/lpdaac:fileFormatValue\u003e\u003c/lpdaac:fileFormat\u003e\u003clpdaac:aerosols
        criteriaName=\"Aerosols\" criteriaType=\"STRING\"\u003e\u003clpdaac:aerosolsValue\u003eClimatology\u003c/lpdaac:aerosolsValue\u003e\u003c/lpdaac:aerosols\u003e\u003clpdaac:columnOzone
        criteriaName=\"Column Ozone\" criteriaType=\"STRING\"\u003e\u003clpdaac:columnOzoneValue\u003eOZ2DAILY
        - NCEP TOVS Daily Ozone\u003c/lpdaac:columnOzoneValue\u003e\u003c/lpdaac:columnOzone\u003e\u003clpdaac:moistureTemperaturePressure
        criteriaName=\"Moisture, Temperature, Pressure\" criteriaType=\"STRING\"\u003e\u003clpdaac:moistureTemperaturePressureValue\u003eGDAS0ZFH
        - NOAA/NCEP GDAS model, 6h, 1 deg\u003c/lpdaac:moistureTemperaturePressureValue\u003e\u003c/lpdaac:moistureTemperaturePressure\u003e\u003c/lpdaac:subsetSpecification\u003e\u003c/ecs:options\u003e"}}}]'
    headers:
      User-Agent:
      - Faraday v0.8.8
      Content-Type:
      - application/json
      Client-Id:
      - eed-edsc-dev
      Echo-ClientId:
      - eed-edsc-dev
      Echo-Token:
      - edsc
  recorded_at: Thu, 19 May 2016 18:48:33 GMT
  digest: 3cfead54d3b566c7e7d3b044885f252f607c5cf5
- request:
    method: post
    uri: https://api.echo.nasa.gov/echo-rest/orders/232D1B49-2BFB-4263-ED9C-6D496BAF89EA/submit
    body:
      encoding: US-ASCII
      string: ''
    headers:
      User-Agent:
      - Faraday v0.8.8
      Content-Type:
      - application/json
      Client-Id:
      - eed-edsc-dev
      Echo-ClientId:
      - eed-edsc-dev
      Echo-Token:
      - edsc
  recorded_at: Thu, 19 May 2016 18:48:35 GMT
  digest: 1886e3390849bb46397033a749ba63bc27430ace
- request:
    method: put
    uri: https://api.echo.nasa.gov/echo-rest/orders/232D1B49-2BFB-4263-ED9C-6D496BAF89EA/user_information
    body:
      encoding: UTF-8
      string: '{"user_information":{"shipping_contact":{"first_name":"Earthdata","last_name":"Search","email":"patrick+edsc@element84.com","organization":"EDSC","address":{"country":"United
        States"},"phones":{"0":{"number":"0000000000","phone_number_type":"BUSINESS"}},"role":"Order
        Contact"},"billing_contact":{"first_name":"Earthdata","last_name":"Search","email":"patrick+edsc@element84.com","organization":"EDSC","address":{"country":"United
        States"},"phones":{"0":{"number":"0000000000","phone_number_type":"BUSINESS"}},"role":"Order
        Contact"},"order_contact":{"first_name":"Earthdata","last_name":"Search","email":"patrick+edsc@element84.com","organization":"EDSC","address":{"country":"United
        States"},"phones":{"0":{"number":"0000000000","phone_number_type":"BUSINESS"}},"role":"Order
        Contact"},"user_domain":"OTHER","user_region":"USA"}}'
    headers:
      User-Agent:
      - Faraday v0.8.8
      Content-Type:
      - application/json
      Client-Id:
      - eed-edsc-dev
      Echo-ClientId:
      - eed-edsc-dev
      Echo-Token:
      - edsc
  recorded_at: Thu, 19 May 2016 18:48:33 GMT
  digest: 2c7a0da5ad50e569f699230e9b1b54090f990536
- request:
    method: post
    uri: https://api.echo.nasa.gov/echo-rest/orders/75287FBC-3A46-1EB7-B146-FD4B55E2F7B4/order_items/bulk_action
    body:
      encoding: UTF-8
      string: '[{"order_item":{"catalog_item_id":"G1219913173-LAADS","quantity":1,"option_selection":{"id":"E1F140CA-CC29-B7AD-5AA0-D7E26463BCF1","option_definition_name":"FtpPushPull","content":"\u003cprov:packageOption
        xmlns:prov=\"http://ecsodl.nasa.gov/orderoptions\"\u003e\u003c!-- Distribution
        Specification--\u003e\u003cprov:dist\u003e\u003cprov:value\u003eFtpPull\u003c/prov:value\u003e\u003c/prov:dist\u003e\u003c/prov:packageOption\u003e"}}},{"order_item":{"catalog_item_id":"G1219913107-LAADS","quantity":1,"option_selection":{"id":"E1F140CA-CC29-B7AD-5AA0-D7E26463BCF1","option_definition_name":"FtpPushPull","content":"\u003cprov:packageOption
        xmlns:prov=\"http://ecsodl.nasa.gov/orderoptions\"\u003e\u003c!-- Distribution
        Specification--\u003e\u003cprov:dist\u003e\u003cprov:value\u003eFtpPull\u003c/prov:value\u003e\u003c/prov:dist\u003e\u003c/prov:packageOption\u003e"}}}]'
    headers:
      User-Agent:
      - Faraday v0.8.8
      Content-Type:
      - application/json
      Client-Id:
      - eed-edsc-dev
      Echo-ClientId:
      - eed-edsc-dev
      Echo-Token:
      - edsc
  recorded_at: Thu, 19 May 2016 18:33:39 GMT
  digest: f51ec258c04d914dc119de48c65a56168947486a
- request:
    method: post
    uri: https://api.echo.nasa.gov/echo-rest/orders/75287FBC-3A46-1EB7-B146-FD4B55E2F7B4/submit
    body:
      encoding: US-ASCII
      string: ''
    headers:
      User-Agent:
      - Faraday v0.8.8
      Content-Type:
      - application/json
      Client-Id:
      - eed-edsc-dev
      Echo-ClientId:
      - eed-edsc-dev
      Echo-Token:
      - edsc
  recorded_at: Thu, 19 May 2016 18:33:41 GMT
  digest: e6eca46d3310832ab24998b8aece61aa075562f8
- request:
    method: put
    uri: https://api.echo.nasa.gov/echo-rest/orders/75287FBC-3A46-1EB7-B146-FD4B55E2F7B4/user_information
    body:
      encoding: UTF-8
      string: '{"user_information":{"shipping_contact":{"first_name":"Earthdata","last_name":"Search","email":"patrick+edsc@element84.com","organization":"EDSC","address":{"country":"United
        States"},"phones":{"0":{"number":"0000000000","phone_number_type":"BUSINESS"}},"role":"Order
        Contact"},"billing_contact":{"first_name":"Earthdata","last_name":"Search","email":"patrick+edsc@element84.com","organization":"EDSC","address":{"country":"United
        States"},"phones":{"0":{"number":"0000000000","phone_number_type":"BUSINESS"}},"role":"Order
        Contact"},"order_contact":{"first_name":"Earthdata","last_name":"Search","email":"patrick+edsc@element84.com","organization":"EDSC","address":{"country":"United
        States"},"phones":{"0":{"number":"0000000000","phone_number_type":"BUSINESS"}},"role":"Order
        Contact"},"user_domain":"OTHER","user_region":"USA"}}'
    headers:
      User-Agent:
      - Faraday v0.8.8
      Content-Type:
      - application/json
      Client-Id:
      - eed-edsc-dev
      Echo-ClientId:
      - eed-edsc-dev
      Echo-Token:
      - edsc
  recorded_at: Thu, 19 May 2016 18:33:40 GMT
  digest: e6437001d524a01e4aa29189302815871cf1a448
- request:
    method: post
    uri: https://api.echo.nasa.gov/echo-rest/orders/83010677-B2CE-BA63-C747-00DD17F53450/order_items/bulk_action
    body:
      encoding: UTF-8
      string: '[{"order_item":{"catalog_item_id":"G179106792-ORNL_DAAC","quantity":1}},{"order_item":{"catalog_item_id":"G179106791-ORNL_DAAC","quantity":1}},{"order_item":{"catalog_item_id":"G179106774-ORNL_DAAC","quantity":1}},{"order_item":{"catalog_item_id":"G179106775-ORNL_DAAC","quantity":1}},{"order_item":{"catalog_item_id":"G179106776-ORNL_DAAC","quantity":1}},{"order_item":{"catalog_item_id":"G179106777-ORNL_DAAC","quantity":1}},{"order_item":{"catalog_item_id":"G179106778-ORNL_DAAC","quantity":1}},{"order_item":{"catalog_item_id":"G179106779-ORNL_DAAC","quantity":1}},{"order_item":{"catalog_item_id":"G179106780-ORNL_DAAC","quantity":1}},{"order_item":{"catalog_item_id":"G179106781-ORNL_DAAC","quantity":1}},{"order_item":{"catalog_item_id":"G179106782-ORNL_DAAC","quantity":1}},{"order_item":{"catalog_item_id":"G179106783-ORNL_DAAC","quantity":1}},{"order_item":{"catalog_item_id":"G179106784-ORNL_DAAC","quantity":1}},{"order_item":{"catalog_item_id":"G179106785-ORNL_DAAC","quantity":1}},{"order_item":{"catalog_item_id":"G179106786-ORNL_DAAC","quantity":1}},{"order_item":{"catalog_item_id":"G179106787-ORNL_DAAC","quantity":1}},{"order_item":{"catalog_item_id":"G179106788-ORNL_DAAC","quantity":1}},{"order_item":{"catalog_item_id":"G179106789-ORNL_DAAC","quantity":1}},{"order_item":{"catalog_item_id":"G179106790-ORNL_DAAC","quantity":1}},{"order_item":{"catalog_item_id":"G179106772-ORNL_DAAC","quantity":1}},{"order_item":{"catalog_item_id":"G179106773-ORNL_DAAC","quantity":1}},{"order_item":{"catalog_item_id":"G179106755-ORNL_DAAC","quantity":1}},{"order_item":{"catalog_item_id":"G179106756-ORNL_DAAC","quantity":1}},{"order_item":{"catalog_item_id":"G179106757-ORNL_DAAC","quantity":1}},{"order_item":{"catalog_item_id":"G179106758-ORNL_DAAC","quantity":1}},{"order_item":{"catalog_item_id":"G179106759-ORNL_DAAC","quantity":1}},{"order_item":{"catalog_item_id":"G179106760-ORNL_DAAC","quantity":1}},{"order_item":{"catalog_item_id":"G179106761-ORNL_DAAC","quantity":1}},{"order_item":{"catalog_item_id":"G179106762-ORNL_DAAC","quantity":1}},{"order_item":{"catalog_item_id":"G179106763-ORNL_DAAC","quantity":1}},{"order_item":{"catalog_item_id":"G179106764-ORNL_DAAC","quantity":1}},{"order_item":{"catalog_item_id":"G179106765-ORNL_DAAC","quantity":1}},{"order_item":{"catalog_item_id":"G179106766-ORNL_DAAC","quantity":1}},{"order_item":{"catalog_item_id":"G179106767-ORNL_DAAC","quantity":1}},{"order_item":{"catalog_item_id":"G179106768-ORNL_DAAC","quantity":1}},{"order_item":{"catalog_item_id":"G179106769-ORNL_DAAC","quantity":1}},{"order_item":{"catalog_item_id":"G179106770-ORNL_DAAC","quantity":1}},{"order_item":{"catalog_item_id":"G179106771-ORNL_DAAC","quantity":1}},{"order_item":{"catalog_item_id":"G179106754-ORNL_DAAC","quantity":1}},{"order_item":{"catalog_item_id":"G179106740-ORNL_DAAC","quantity":1}},{"order_item":{"catalog_item_id":"G179106741-ORNL_DAAC","quantity":1}},{"order_item":{"catalog_item_id":"G179106742-ORNL_DAAC","quantity":1}},{"order_item":{"catalog_item_id":"G179106743-ORNL_DAAC","quantity":1}},{"order_item":{"catalog_item_id":"G179106744-ORNL_DAAC","quantity":1}},{"order_item":{"catalog_item_id":"G179106745-ORNL_DAAC","quantity":1}},{"order_item":{"catalog_item_id":"G179106746-ORNL_DAAC","quantity":1}},{"order_item":{"catalog_item_id":"G179106747-ORNL_DAAC","quantity":1}},{"order_item":{"catalog_item_id":"G179106748-ORNL_DAAC","quantity":1}},{"order_item":{"catalog_item_id":"G179106749-ORNL_DAAC","quantity":1}},{"order_item":{"catalog_item_id":"G179106750-ORNL_DAAC","quantity":1}},{"order_item":{"catalog_item_id":"G179106751-ORNL_DAAC","quantity":1}},{"order_item":{"catalog_item_id":"G179106752-ORNL_DAAC","quantity":1}},{"order_item":{"catalog_item_id":"G179106753-ORNL_DAAC","quantity":1}},{"order_item":{"catalog_item_id":"G179106732-ORNL_DAAC","quantity":1}},{"order_item":{"catalog_item_id":"G179106733-ORNL_DAAC","quantity":1}},{"order_item":{"catalog_item_id":"G179106734-ORNL_DAAC","quantity":1}},{"order_item":{"catalog_item_id":"G179106735-ORNL_DAAC","quantity":1}},{"order_item":{"catalog_item_id":"G179106736-ORNL_DAAC","quantity":1}},{"order_item":{"catalog_item_id":"G179106737-ORNL_DAAC","quantity":1}},{"order_item":{"catalog_item_id":"G179106738-ORNL_DAAC","quantity":1}},{"order_item":{"catalog_item_id":"G179106739-ORNL_DAAC","quantity":1}},{"order_item":{"catalog_item_id":"G179106728-ORNL_DAAC","quantity":1}},{"order_item":{"catalog_item_id":"G179106729-ORNL_DAAC","quantity":1}},{"order_item":{"catalog_item_id":"G179106730-ORNL_DAAC","quantity":1}},{"order_item":{"catalog_item_id":"G179106731-ORNL_DAAC","quantity":1}},{"order_item":{"catalog_item_id":"G179106727-ORNL_DAAC","quantity":1}},{"order_item":{"catalog_item_id":"G179106726-ORNL_DAAC","quantity":1}},{"order_item":{"catalog_item_id":"G179106711-ORNL_DAAC","quantity":1}},{"order_item":{"catalog_item_id":"G179106712-ORNL_DAAC","quantity":1}},{"order_item":{"catalog_item_id":"G179106713-ORNL_DAAC","quantity":1}},{"order_item":{"catalog_item_id":"G179106714-ORNL_DAAC","quantity":1}},{"order_item":{"catalog_item_id":"G179106715-ORNL_DAAC","quantity":1}},{"order_item":{"catalog_item_id":"G179106716-ORNL_DAAC","quantity":1}},{"order_item":{"catalog_item_id":"G179106717-ORNL_DAAC","quantity":1}},{"order_item":{"catalog_item_id":"G179106718-ORNL_DAAC","quantity":1}},{"order_item":{"catalog_item_id":"G179106719-ORNL_DAAC","quantity":1}},{"order_item":{"catalog_item_id":"G179106720-ORNL_DAAC","quantity":1}},{"order_item":{"catalog_item_id":"G179106721-ORNL_DAAC","quantity":1}},{"order_item":{"catalog_item_id":"G179106722-ORNL_DAAC","quantity":1}},{"order_item":{"catalog_item_id":"G179106723-ORNL_DAAC","quantity":1}},{"order_item":{"catalog_item_id":"G179106724-ORNL_DAAC","quantity":1}},{"order_item":{"catalog_item_id":"G179106725-ORNL_DAAC","quantity":1}},{"order_item":{"catalog_item_id":"G179106710-ORNL_DAAC","quantity":1}},{"order_item":{"catalog_item_id":"G179106709-ORNL_DAAC","quantity":1}},{"order_item":{"catalog_item_id":"G179106708-ORNL_DAAC","quantity":1}},{"order_item":{"catalog_item_id":"G179106707-ORNL_DAAC","quantity":1}},{"order_item":{"catalog_item_id":"G179106699-ORNL_DAAC","quantity":1}},{"order_item":{"catalog_item_id":"G179106700-ORNL_DAAC","quantity":1}},{"order_item":{"catalog_item_id":"G179106701-ORNL_DAAC","quantity":1}},{"order_item":{"catalog_item_id":"G179106702-ORNL_DAAC","quantity":1}},{"order_item":{"catalog_item_id":"G179106703-ORNL_DAAC","quantity":1}},{"order_item":{"catalog_item_id":"G179106704-ORNL_DAAC","quantity":1}},{"order_item":{"catalog_item_id":"G179106705-ORNL_DAAC","quantity":1}},{"order_item":{"catalog_item_id":"G179106706-ORNL_DAAC","quantity":1}},{"order_item":{"catalog_item_id":"G179106694-ORNL_DAAC","quantity":1}},{"order_item":{"catalog_item_id":"G179106695-ORNL_DAAC","quantity":1}},{"order_item":{"catalog_item_id":"G179106696-ORNL_DAAC","quantity":1}},{"order_item":{"catalog_item_id":"G179106697-ORNL_DAAC","quantity":1}},{"order_item":{"catalog_item_id":"G179106698-ORNL_DAAC","quantity":1}},{"order_item":{"catalog_item_id":"G179106686-ORNL_DAAC","quantity":1}},{"order_item":{"catalog_item_id":"G179106687-ORNL_DAAC","quantity":1}},{"order_item":{"catalog_item_id":"G179106688-ORNL_DAAC","quantity":1}},{"order_item":{"catalog_item_id":"G179106689-ORNL_DAAC","quantity":1}},{"order_item":{"catalog_item_id":"G179106690-ORNL_DAAC","quantity":1}},{"order_item":{"catalog_item_id":"G179106691-ORNL_DAAC","quantity":1}},{"order_item":{"catalog_item_id":"G179106692-ORNL_DAAC","quantity":1}},{"order_item":{"catalog_item_id":"G179106693-ORNL_DAAC","quantity":1}},{"order_item":{"catalog_item_id":"G179106596-ORNL_DAAC","quantity":1}},{"order_item":{"catalog_item_id":"G179106597-ORNL_DAAC","quantity":1}},{"order_item":{"catalog_item_id":"G179106598-ORNL_DAAC","quantity":1}},{"order_item":{"catalog_item_id":"G179106599-ORNL_DAAC","quantity":1}},{"order_item":{"catalog_item_id":"G179106600-ORNL_DAAC","quantity":1}},{"order_item":{"catalog_item_id":"G179106601-ORNL_DAAC","quantity":1}},{"order_item":{"catalog_item_id":"G179106602-ORNL_DAAC","quantity":1}},{"order_item":{"catalog_item_id":"G179106603-ORNL_DAAC","quantity":1}},{"order_item":{"catalog_item_id":"G179106604-ORNL_DAAC","quantity":1}},{"order_item":{"catalog_item_id":"G179106685-ORNL_DAAC","quantity":1}}]'
    headers:
      User-Agent:
      - Faraday v0.8.8
      Content-Type:
      - application/json
      Client-Id:
      - eed-edsc-dev
      Echo-ClientId:
      - eed-edsc-dev
      Echo-Token:
      - edsc
  recorded_at: Thu, 19 May 2016 18:58:59 GMT
  digest: 09c666445513d6ac9e413603377aa0efd514324e
- request:
    method: post
    uri: https://api.echo.nasa.gov/echo-rest/orders/83010677-B2CE-BA63-C747-00DD17F53450/submit
    body:
      encoding: US-ASCII
      string: ''
    headers:
      User-Agent:
      - Faraday v0.8.8
      Content-Type:
      - application/json
      Client-Id:
      - eed-edsc-dev
      Echo-ClientId:
      - eed-edsc-dev
      Echo-Token:
      - edsc
  recorded_at: Thu, 19 May 2016 18:59:01 GMT
  digest: 68f4ee7845f2917f9bc884445884421a2e06c4dd
- request:
    method: put
    uri: https://api.echo.nasa.gov/echo-rest/orders/83010677-B2CE-BA63-C747-00DD17F53450/user_information
    body:
      encoding: UTF-8
      string: '{"user_information":{"shipping_contact":{"first_name":"Earthdata","last_name":"Search","email":"patrick+edsc@element84.com","organization":"EDSC","address":{"country":"United
        States"},"phones":{"0":{"number":"0000000000","phone_number_type":"BUSINESS"}},"role":"Order
        Contact"},"billing_contact":{"first_name":"Earthdata","last_name":"Search","email":"patrick+edsc@element84.com","organization":"EDSC","address":{"country":"United
        States"},"phones":{"0":{"number":"0000000000","phone_number_type":"BUSINESS"}},"role":"Order
        Contact"},"order_contact":{"first_name":"Earthdata","last_name":"Search","email":"patrick+edsc@element84.com","organization":"EDSC","address":{"country":"United
        States"},"phones":{"0":{"number":"0000000000","phone_number_type":"BUSINESS"}},"role":"Order
        Contact"},"user_domain":"OTHER","user_region":"USA"}}'
    headers:
      User-Agent:
      - Faraday v0.8.8
      Content-Type:
      - application/json
      Client-Id:
      - eed-edsc-dev
      Echo-ClientId:
      - eed-edsc-dev
      Echo-Token:
      - edsc
  recorded_at: Thu, 19 May 2016 18:59:00 GMT
  digest: abd51661d77552151117b9df2d9f2147a1a0ccfd
- request:
    method: post
    uri: https://api.echo.nasa.gov/echo-rest/orders/8419A64C-02F3-BBE8-A104-A9BB6B3F9F63/order_items/bulk_action
    body:
      encoding: UTF-8
      string: '[{"order_item":{"catalog_item_id":"G179111301-ORNL_DAAC","quantity":1}},{"order_item":{"catalog_item_id":"G179111300-ORNL_DAAC","quantity":1}},{"order_item":{"catalog_item_id":"G179111299-ORNL_DAAC","quantity":1}},{"order_item":{"catalog_item_id":"G179111298-ORNL_DAAC","quantity":1}},{"order_item":{"catalog_item_id":"G179111297-ORNL_DAAC","quantity":1}},{"order_item":{"catalog_item_id":"G179111296-ORNL_DAAC","quantity":1}},{"order_item":{"catalog_item_id":"G179111295-ORNL_DAAC","quantity":1}},{"order_item":{"catalog_item_id":"G179111294-ORNL_DAAC","quantity":1}},{"order_item":{"catalog_item_id":"G179111293-ORNL_DAAC","quantity":1}},{"order_item":{"catalog_item_id":"G179111292-ORNL_DAAC","quantity":1}},{"order_item":{"catalog_item_id":"G179111291-ORNL_DAAC","quantity":1}},{"order_item":{"catalog_item_id":"G179111290-ORNL_DAAC","quantity":1}},{"order_item":{"catalog_item_id":"G179111289-ORNL_DAAC","quantity":1}},{"order_item":{"catalog_item_id":"G179111288-ORNL_DAAC","quantity":1}},{"order_item":{"catalog_item_id":"G179111287-ORNL_DAAC","quantity":1}},{"order_item":{"catalog_item_id":"G179111286-ORNL_DAAC","quantity":1}},{"order_item":{"catalog_item_id":"G179111285-ORNL_DAAC","quantity":1}},{"order_item":{"catalog_item_id":"G179111284-ORNL_DAAC","quantity":1}},{"order_item":{"catalog_item_id":"G179111283-ORNL_DAAC","quantity":1}},{"order_item":{"catalog_item_id":"G179111282-ORNL_DAAC","quantity":1}},{"order_item":{"catalog_item_id":"G179111281-ORNL_DAAC","quantity":1}},{"order_item":{"catalog_item_id":"G179111280-ORNL_DAAC","quantity":1}},{"order_item":{"catalog_item_id":"G179111279-ORNL_DAAC","quantity":1}},{"order_item":{"catalog_item_id":"G179111278-ORNL_DAAC","quantity":1}},{"order_item":{"catalog_item_id":"G179111277-ORNL_DAAC","quantity":1}},{"order_item":{"catalog_item_id":"G179111276-ORNL_DAAC","quantity":1}},{"order_item":{"catalog_item_id":"G179111275-ORNL_DAAC","quantity":1}},{"order_item":{"catalog_item_id":"G179111274-ORNL_DAAC","quantity":1}},{"order_item":{"catalog_item_id":"G179111273-ORNL_DAAC","quantity":1}},{"order_item":{"catalog_item_id":"G179111272-ORNL_DAAC","quantity":1}},{"order_item":{"catalog_item_id":"G179111271-ORNL_DAAC","quantity":1}},{"order_item":{"catalog_item_id":"G179111270-ORNL_DAAC","quantity":1}},{"order_item":{"catalog_item_id":"G179111269-ORNL_DAAC","quantity":1}},{"order_item":{"catalog_item_id":"G179111268-ORNL_DAAC","quantity":1}},{"order_item":{"catalog_item_id":"G179111267-ORNL_DAAC","quantity":1}},{"order_item":{"catalog_item_id":"G179111266-ORNL_DAAC","quantity":1}},{"order_item":{"catalog_item_id":"G179111265-ORNL_DAAC","quantity":1}},{"order_item":{"catalog_item_id":"G179109564-ORNL_DAAC","quantity":1}},{"order_item":{"catalog_item_id":"G179109563-ORNL_DAAC","quantity":1}}]'
    headers:
      User-Agent:
      - Faraday v0.8.8
      Content-Type:
      - application/json
      Client-Id:
      - eed-edsc-dev
      Echo-ClientId:
      - eed-edsc-dev
      Echo-Token:
      - edsc
  recorded_at: Thu, 19 May 2016 18:27:39 GMT
  digest: e969bec32508a3b63b255d3e4a88769f54cfb4a7
- request:
    method: post
    uri: https://api.echo.nasa.gov/echo-rest/orders/8419A64C-02F3-BBE8-A104-A9BB6B3F9F63/submit
    body:
      encoding: US-ASCII
      string: ''
    headers:
      User-Agent:
      - Faraday v0.8.8
      Content-Type:
      - application/json
      Client-Id:
      - eed-edsc-dev
      Echo-ClientId:
      - eed-edsc-dev
      Echo-Token:
      - edsc
  recorded_at: Thu, 19 May 2016 18:27:41 GMT
  digest: 18b7c541eaeeb652345f51678da59b6b6a3ec0b4
- request:
    method: put
    uri: https://api.echo.nasa.gov/echo-rest/orders/8419A64C-02F3-BBE8-A104-A9BB6B3F9F63/user_information
    body:
      encoding: UTF-8
      string: '{"user_information":{"shipping_contact":{"first_name":"Earthdata","last_name":"Search","email":"patrick+edsc@element84.com","organization":"EDSC","address":{"country":"United
        States"},"phones":{"0":{"number":"0000000000","phone_number_type":"BUSINESS"}},"role":"Order
        Contact"},"billing_contact":{"first_name":"Earthdata","last_name":"Search","email":"patrick+edsc@element84.com","organization":"EDSC","address":{"country":"United
        States"},"phones":{"0":{"number":"0000000000","phone_number_type":"BUSINESS"}},"role":"Order
        Contact"},"order_contact":{"first_name":"Earthdata","last_name":"Search","email":"patrick+edsc@element84.com","organization":"EDSC","address":{"country":"United
        States"},"phones":{"0":{"number":"0000000000","phone_number_type":"BUSINESS"}},"role":"Order
        Contact"},"user_domain":"OTHER","user_region":"USA"}}'
    headers:
      User-Agent:
      - Faraday v0.8.8
      Content-Type:
      - application/json
      Client-Id:
      - eed-edsc-dev
      Echo-ClientId:
      - eed-edsc-dev
      Echo-Token:
      - edsc
  recorded_at: Thu, 19 May 2016 18:27:39 GMT
  digest: 262a010683a62ba57a186df2aadaad33eaa9e46d
- request:
    method: post
    uri: https://api.echo.nasa.gov/echo-rest/orders/8AA6A9ED-7868-357D-02B1-B960CE3E8B31/order_items/bulk_action
    body:
      encoding: UTF-8
      string: '[{"order_item":{"catalog_item_id":"G179098142-ORNL_DAAC","quantity":1}},{"order_item":{"catalog_item_id":"G179098143-ORNL_DAAC","quantity":1}},{"order_item":{"catalog_item_id":"G179098144-ORNL_DAAC","quantity":1}},{"order_item":{"catalog_item_id":"G179098245-ORNL_DAAC","quantity":1}},{"order_item":{"catalog_item_id":"G179098246-ORNL_DAAC","quantity":1}},{"order_item":{"catalog_item_id":"G179098247-ORNL_DAAC","quantity":1}},{"order_item":{"catalog_item_id":"G179098248-ORNL_DAAC","quantity":1}},{"order_item":{"catalog_item_id":"G179098249-ORNL_DAAC","quantity":1}},{"order_item":{"catalog_item_id":"G179098250-ORNL_DAAC","quantity":1}},{"order_item":{"catalog_item_id":"G179098251-ORNL_DAAC","quantity":1}},{"order_item":{"catalog_item_id":"G179098252-ORNL_DAAC","quantity":1}},{"order_item":{"catalog_item_id":"G179098253-ORNL_DAAC","quantity":1}},{"order_item":{"catalog_item_id":"G179098254-ORNL_DAAC","quantity":1}},{"order_item":{"catalog_item_id":"G179098255-ORNL_DAAC","quantity":1}},{"order_item":{"catalog_item_id":"G179098256-ORNL_DAAC","quantity":1}}]'
    headers:
      User-Agent:
      - Faraday v0.8.8
      Content-Type:
      - application/json
      Client-Id:
      - eed-edsc-dev
      Echo-ClientId:
      - eed-edsc-dev
      Echo-Token:
      - edsc
  recorded_at: Thu, 19 May 2016 18:39:35 GMT
  digest: 2bea047e29a4d09b9b5a16cf7f0cb0fa8afec9e8
- request:
    method: post
    uri: https://api.echo.nasa.gov/echo-rest/orders/8AA6A9ED-7868-357D-02B1-B960CE3E8B31/submit
    body:
      encoding: US-ASCII
      string: ''
    headers:
      User-Agent:
      - Faraday v0.8.8
      Content-Type:
      - application/json
      Client-Id:
      - eed-edsc-dev
      Echo-ClientId:
      - eed-edsc-dev
      Echo-Token:
      - edsc
  recorded_at: Thu, 19 May 2016 18:39:37 GMT
  digest: 471c52a4546c70344ed06cab7089da1d6133b32f
- request:
    method: put
    uri: https://api.echo.nasa.gov/echo-rest/orders/8AA6A9ED-7868-357D-02B1-B960CE3E8B31/user_information
    body:
      encoding: UTF-8
      string: '{"user_information":{"shipping_contact":{"first_name":"Earthdata","last_name":"Search","email":"patrick+edsc@element84.com","organization":"EDSC","address":{"country":"United
        States"},"phones":{"0":{"number":"0000000000","phone_number_type":"BUSINESS"}},"role":"Order
        Contact"},"billing_contact":{"first_name":"Earthdata","last_name":"Search","email":"patrick+edsc@element84.com","organization":"EDSC","address":{"country":"United
        States"},"phones":{"0":{"number":"0000000000","phone_number_type":"BUSINESS"}},"role":"Order
        Contact"},"order_contact":{"first_name":"Earthdata","last_name":"Search","email":"patrick+edsc@element84.com","organization":"EDSC","address":{"country":"United
        States"},"phones":{"0":{"number":"0000000000","phone_number_type":"BUSINESS"}},"role":"Order
        Contact"},"user_domain":"OTHER","user_region":"USA"}}'
    headers:
      User-Agent:
      - Faraday v0.8.8
      Content-Type:
      - application/json
      Client-Id:
      - eed-edsc-dev
      Echo-ClientId:
      - eed-edsc-dev
      Echo-Token:
      - edsc
  recorded_at: Thu, 19 May 2016 18:39:36 GMT
  digest: 8c0b951cc711cf8ff01d8a1f00dece5773559800
- request:
    method: post
    uri: https://api.echo.nasa.gov/echo-rest/orders/AB49080C-89E6-D804-6139-B76873316327/order_items/bulk_action
    body:
      encoding: UTF-8
      string: '[{"order_item":{"catalog_item_id":"G1003445220-NSIDC_ECS","quantity":1,"option_selection":{"id":"9940B026-5C7C-BC3E-049B-89F6D2A35AD8","option_definition_name":"M*D29P1N
        Order Option","content":"\u003cecs:options xmlns:ecs=\"http://ecs.nasa.gov/options\"
        xmlns:hsa=\"http://subset.itsc.uah.edu/HSASubsettingCriteria\"\u003e\u003c!--
        ECS distribution options example --\u003e\u003cecs:distribution\u003e\u003cecs:mediatype\u003e\u003cecs:value\u003eFtpPull\u003c/ecs:value\u003e\u003c/ecs:mediatype\u003e\u003cecs:mediaformat\u003e\u003cecs:ftppull-format\u003e\u003cecs:value\u003eFILEFORMAT\u003c/ecs:value\u003e\u003c/ecs:ftppull-format\u003e\u003c/ecs:mediaformat\u003e\u003c/ecs:distribution\u003e\u003cecs:do-processing\u003efalse\u003c/ecs:do-processing\u003e\u003cecs:do-ancillaryprocessing\u003efalse\u003c/ecs:do-ancillaryprocessing\u003e\u003c/ecs:options\u003e"}}},{"order_item":{"catalog_item_id":"G1003445227-NSIDC_ECS","quantity":1,"option_selection":{"id":"9940B026-5C7C-BC3E-049B-89F6D2A35AD8","option_definition_name":"M*D29P1N
        Order Option","content":"\u003cecs:options xmlns:ecs=\"http://ecs.nasa.gov/options\"
        xmlns:hsa=\"http://subset.itsc.uah.edu/HSASubsettingCriteria\"\u003e\u003c!--
        ECS distribution options example --\u003e\u003cecs:distribution\u003e\u003cecs:mediatype\u003e\u003cecs:value\u003eFtpPull\u003c/ecs:value\u003e\u003c/ecs:mediatype\u003e\u003cecs:mediaformat\u003e\u003cecs:ftppull-format\u003e\u003cecs:value\u003eFILEFORMAT\u003c/ecs:value\u003e\u003c/ecs:ftppull-format\u003e\u003c/ecs:mediaformat\u003e\u003c/ecs:distribution\u003e\u003cecs:do-processing\u003efalse\u003c/ecs:do-processing\u003e\u003cecs:do-ancillaryprocessing\u003efalse\u003c/ecs:do-ancillaryprocessing\u003e\u003c/ecs:options\u003e"}}},{"order_item":{"catalog_item_id":"G1003445286-NSIDC_ECS","quantity":1,"option_selection":{"id":"9940B026-5C7C-BC3E-049B-89F6D2A35AD8","option_definition_name":"M*D29P1N
        Order Option","content":"\u003cecs:options xmlns:ecs=\"http://ecs.nasa.gov/options\"
        xmlns:hsa=\"http://subset.itsc.uah.edu/HSASubsettingCriteria\"\u003e\u003c!--
        ECS distribution options example --\u003e\u003cecs:distribution\u003e\u003cecs:mediatype\u003e\u003cecs:value\u003eFtpPull\u003c/ecs:value\u003e\u003c/ecs:mediatype\u003e\u003cecs:mediaformat\u003e\u003cecs:ftppull-format\u003e\u003cecs:value\u003eFILEFORMAT\u003c/ecs:value\u003e\u003c/ecs:ftppull-format\u003e\u003c/ecs:mediaformat\u003e\u003c/ecs:distribution\u003e\u003cecs:do-processing\u003efalse\u003c/ecs:do-processing\u003e\u003cecs:do-ancillaryprocessing\u003efalse\u003c/ecs:do-ancillaryprocessing\u003e\u003c/ecs:options\u003e"}}},{"order_item":{"catalog_item_id":"G1003445342-NSIDC_ECS","quantity":1,"option_selection":{"id":"9940B026-5C7C-BC3E-049B-89F6D2A35AD8","option_definition_name":"M*D29P1N
        Order Option","content":"\u003cecs:options xmlns:ecs=\"http://ecs.nasa.gov/options\"
        xmlns:hsa=\"http://subset.itsc.uah.edu/HSASubsettingCriteria\"\u003e\u003c!--
        ECS distribution options example --\u003e\u003cecs:distribution\u003e\u003cecs:mediatype\u003e\u003cecs:value\u003eFtpPull\u003c/ecs:value\u003e\u003c/ecs:mediatype\u003e\u003cecs:mediaformat\u003e\u003cecs:ftppull-format\u003e\u003cecs:value\u003eFILEFORMAT\u003c/ecs:value\u003e\u003c/ecs:ftppull-format\u003e\u003c/ecs:mediaformat\u003e\u003c/ecs:distribution\u003e\u003cecs:do-processing\u003efalse\u003c/ecs:do-processing\u003e\u003cecs:do-ancillaryprocessing\u003efalse\u003c/ecs:do-ancillaryprocessing\u003e\u003c/ecs:options\u003e"}}},{"order_item":{"catalog_item_id":"G1003445374-NSIDC_ECS","quantity":1,"option_selection":{"id":"9940B026-5C7C-BC3E-049B-89F6D2A35AD8","option_definition_name":"M*D29P1N
        Order Option","content":"\u003cecs:options xmlns:ecs=\"http://ecs.nasa.gov/options\"
        xmlns:hsa=\"http://subset.itsc.uah.edu/HSASubsettingCriteria\"\u003e\u003c!--
        ECS distribution options example --\u003e\u003cecs:distribution\u003e\u003cecs:mediatype\u003e\u003cecs:value\u003eFtpPull\u003c/ecs:value\u003e\u003c/ecs:mediatype\u003e\u003cecs:mediaformat\u003e\u003cecs:ftppull-format\u003e\u003cecs:value\u003eFILEFORMAT\u003c/ecs:value\u003e\u003c/ecs:ftppull-format\u003e\u003c/ecs:mediaformat\u003e\u003c/ecs:distribution\u003e\u003cecs:do-processing\u003efalse\u003c/ecs:do-processing\u003e\u003cecs:do-ancillaryprocessing\u003efalse\u003c/ecs:do-ancillaryprocessing\u003e\u003c/ecs:options\u003e"}}},{"order_item":{"catalog_item_id":"G1003445387-NSIDC_ECS","quantity":1,"option_selection":{"id":"9940B026-5C7C-BC3E-049B-89F6D2A35AD8","option_definition_name":"M*D29P1N
        Order Option","content":"\u003cecs:options xmlns:ecs=\"http://ecs.nasa.gov/options\"
        xmlns:hsa=\"http://subset.itsc.uah.edu/HSASubsettingCriteria\"\u003e\u003c!--
        ECS distribution options example --\u003e\u003cecs:distribution\u003e\u003cecs:mediatype\u003e\u003cecs:value\u003eFtpPull\u003c/ecs:value\u003e\u003c/ecs:mediatype\u003e\u003cecs:mediaformat\u003e\u003cecs:ftppull-format\u003e\u003cecs:value\u003eFILEFORMAT\u003c/ecs:value\u003e\u003c/ecs:ftppull-format\u003e\u003c/ecs:mediaformat\u003e\u003c/ecs:distribution\u003e\u003cecs:do-processing\u003efalse\u003c/ecs:do-processing\u003e\u003cecs:do-ancillaryprocessing\u003efalse\u003c/ecs:do-ancillaryprocessing\u003e\u003c/ecs:options\u003e"}}},{"order_item":{"catalog_item_id":"G1003445389-NSIDC_ECS","quantity":1,"option_selection":{"id":"9940B026-5C7C-BC3E-049B-89F6D2A35AD8","option_definition_name":"M*D29P1N
        Order Option","content":"\u003cecs:options xmlns:ecs=\"http://ecs.nasa.gov/options\"
        xmlns:hsa=\"http://subset.itsc.uah.edu/HSASubsettingCriteria\"\u003e\u003c!--
        ECS distribution options example --\u003e\u003cecs:distribution\u003e\u003cecs:mediatype\u003e\u003cecs:value\u003eFtpPull\u003c/ecs:value\u003e\u003c/ecs:mediatype\u003e\u003cecs:mediaformat\u003e\u003cecs:ftppull-format\u003e\u003cecs:value\u003eFILEFORMAT\u003c/ecs:value\u003e\u003c/ecs:ftppull-format\u003e\u003c/ecs:mediaformat\u003e\u003c/ecs:distribution\u003e\u003cecs:do-processing\u003efalse\u003c/ecs:do-processing\u003e\u003cecs:do-ancillaryprocessing\u003efalse\u003c/ecs:do-ancillaryprocessing\u003e\u003c/ecs:options\u003e"}}}]'
    headers:
      User-Agent:
      - Faraday v0.8.8
      Content-Type:
      - application/json
      Client-Id:
      - eed-edsc-dev
      Echo-ClientId:
      - eed-edsc-dev
      Echo-Token:
      - edsc
  recorded_at: Thu, 19 May 2016 18:27:35 GMT
  digest: f71461bf230eff5fc53816081b5c0b0a0572c3ce
- request:
    method: post
    uri: https://api.echo.nasa.gov/echo-rest/orders/AB49080C-89E6-D804-6139-B76873316327/submit
    body:
      encoding: US-ASCII
      string: ''
    headers:
      User-Agent:
      - Faraday v0.8.8
      Content-Type:
      - application/json
      Client-Id:
      - eed-edsc-dev
      Echo-ClientId:
      - eed-edsc-dev
      Echo-Token:
      - edsc
  recorded_at: Thu, 19 May 2016 18:27:36 GMT
  digest: 1e5a5674a89f7ae573af0522debdc52f78f4eeb1
- request:
    method: put
    uri: https://api.echo.nasa.gov/echo-rest/orders/AB49080C-89E6-D804-6139-B76873316327/user_information
    body:
      encoding: UTF-8
      string: '{"user_information":{"shipping_contact":{"first_name":"Earthdata","last_name":"Search","email":"patrick+edsc@element84.com","organization":"EDSC","address":{"country":"United
        States"},"phones":{"0":{"number":"0000000000","phone_number_type":"BUSINESS"}},"role":"Order
        Contact"},"billing_contact":{"first_name":"Earthdata","last_name":"Search","email":"patrick+edsc@element84.com","organization":"EDSC","address":{"country":"United
        States"},"phones":{"0":{"number":"0000000000","phone_number_type":"BUSINESS"}},"role":"Order
        Contact"},"order_contact":{"first_name":"Earthdata","last_name":"Search","email":"patrick+edsc@element84.com","organization":"EDSC","address":{"country":"United
        States"},"phones":{"0":{"number":"0000000000","phone_number_type":"BUSINESS"}},"role":"Order
        Contact"},"user_domain":"OTHER","user_region":"USA"}}'
    headers:
      User-Agent:
      - Faraday v0.8.8
      Content-Type:
      - application/json
      Client-Id:
      - eed-edsc-dev
      Echo-ClientId:
      - eed-edsc-dev
      Echo-Token:
      - edsc
  recorded_at: Thu, 19 May 2016 18:27:35 GMT
  digest: 36560818d914110e545fc151fadc2ab4cb8f648d
- request:
    method: post
    uri: https://api.echo.nasa.gov/echo-rest/orders/EB125611-B645-DD75-79EE-160AC3FBDE70/order_items/bulk_action
    body:
      encoding: UTF-8
      string: '[{"order_item":{"catalog_item_id":"G1000005847-LARC_ASDC","quantity":1}},{"order_item":{"catalog_item_id":"G1000005928-LARC_ASDC","quantity":1}},{"order_item":{"catalog_item_id":"G1000005952-LARC_ASDC","quantity":1}},{"order_item":{"catalog_item_id":"G1000005950-LARC_ASDC","quantity":1}},{"order_item":{"catalog_item_id":"G1000005947-LARC_ASDC","quantity":1}},{"order_item":{"catalog_item_id":"G1000005946-LARC_ASDC","quantity":1}},{"order_item":{"catalog_item_id":"G1000005942-LARC_ASDC","quantity":1}},{"order_item":{"catalog_item_id":"G1000005897-LARC_ASDC","quantity":1}},{"order_item":{"catalog_item_id":"G1000005920-LARC_ASDC","quantity":1}},{"order_item":{"catalog_item_id":"G1000005879-LARC_ASDC","quantity":1}},{"order_item":{"catalog_item_id":"G1000005892-LARC_ASDC","quantity":1}},{"order_item":{"catalog_item_id":"G1000005889-LARC_ASDC","quantity":1}},{"order_item":{"catalog_item_id":"G1000005887-LARC_ASDC","quantity":1}},{"order_item":{"catalog_item_id":"G1000005885-LARC_ASDC","quantity":1}},{"order_item":{"catalog_item_id":"G1000005871-LARC_ASDC","quantity":1}},{"order_item":{"catalog_item_id":"G1000005881-LARC_ASDC","quantity":1}},{"order_item":{"catalog_item_id":"G1000005859-LARC_ASDC","quantity":1}},{"order_item":{"catalog_item_id":"G1000005867-LARC_ASDC","quantity":1}},{"order_item":{"catalog_item_id":"G1000005863-LARC_ASDC","quantity":1}},{"order_item":{"catalog_item_id":"G1000005864-LARC_ASDC","quantity":1}},{"order_item":{"catalog_item_id":"G1000005861-LARC_ASDC","quantity":1}},{"order_item":{"catalog_item_id":"G1000005862-LARC_ASDC","quantity":1}},{"order_item":{"catalog_item_id":"G1000005860-LARC_ASDC","quantity":1}},{"order_item":{"catalog_item_id":"G1000005819-LARC_ASDC","quantity":1}},{"order_item":{"catalog_item_id":"G1000004516-LARC_ASDC","quantity":1}}]'
    headers:
      User-Agent:
      - Faraday v0.8.8
      Content-Type:
      - application/json
      Client-Id:
      - eed-edsc-dev
      Echo-ClientId:
      - eed-edsc-dev
      Echo-Token:
      - edsc
  recorded_at: Thu, 19 May 2016 18:40:50 GMT
  digest: a5ea9038a645c99c24fe4c1001f249794acb48a4
- request:
    method: post
    uri: https://api.echo.nasa.gov/echo-rest/orders/EB125611-B645-DD75-79EE-160AC3FBDE70/submit
    body:
      encoding: US-ASCII
      string: ''
    headers:
      User-Agent:
      - Faraday v0.8.8
      Content-Type:
      - application/json
      Client-Id:
      - eed-edsc-dev
      Echo-ClientId:
      - eed-edsc-dev
      Echo-Token:
      - edsc
  recorded_at: Thu, 19 May 2016 18:40:52 GMT
  digest: 7df7ba6d84f8a0bfdbcdf806a88e78e6b18b7cd1
- request:
    method: put
    uri: https://api.echo.nasa.gov/echo-rest/orders/EB125611-B645-DD75-79EE-160AC3FBDE70/user_information
    body:
      encoding: UTF-8
      string: '{"user_information":{"shipping_contact":{"first_name":"Earthdata","last_name":"Search","email":"patrick+edsc@element84.com","organization":"EDSC","address":{"country":"United
        States"},"phones":{"0":{"number":"0000000000","phone_number_type":"BUSINESS"}},"role":"Order
        Contact"},"billing_contact":{"first_name":"Earthdata","last_name":"Search","email":"patrick+edsc@element84.com","organization":"EDSC","address":{"country":"United
        States"},"phones":{"0":{"number":"0000000000","phone_number_type":"BUSINESS"}},"role":"Order
        Contact"},"order_contact":{"first_name":"Earthdata","last_name":"Search","email":"patrick+edsc@element84.com","organization":"EDSC","address":{"country":"United
        States"},"phones":{"0":{"number":"0000000000","phone_number_type":"BUSINESS"}},"role":"Order
        Contact"},"user_domain":"OTHER","user_region":"USA"}}'
    headers:
      User-Agent:
      - Faraday v0.8.8
      Content-Type:
      - application/json
      Client-Id:
      - eed-edsc-dev
      Echo-ClientId:
      - eed-edsc-dev
      Echo-Token:
      - edsc
  recorded_at: Thu, 19 May 2016 18:40:51 GMT
  digest: fa24df0b4f263fede01ab4adb01212644379df0f
recorded_with: VCR 2.6.0
